media_type,start_timestamp,end_timestamp
content,-1,-1
QA1,-1,-1
QA2,-1,-1
